Fri Sep 11 06:10:55 UTC 2026
6ba29f9df7a269ca1cee1090c6a40b170995fd0a
Linux welcome-to-the-wired 6.18.33.2-microsoft-standard-WSL2 #1 SMP PREEMPT_DYNAMIC Thu Jun 18 21:54:43 UTC 2026 x86_64 x86_64 x86_64 GNU/Linux
rustc 1.98.1 (48a229cea 2026-09-01)
binary: rustc
commit-hash: 48a229ceaefd4985c50990b14116b6d856af0985
commit-date: 2026-09-01
host: x86_64-unknown-linux-gnu
release: 1.98.1
LLVM version: 22.1.8
cargo 1.98.1 (797e8a9bc 2026-08-05)
/usr/bin/rustup
g++ (Ubuntu 13.3.0-6ubuntu2~24.04.1) 13.3.0
Copyright (C) 2023 Free Software Foundation, Inc.
This is free software; see the source for copying conditions.  There is NO
warranty; not even for MERCHANTABILITY or FITNESS FOR A PARTICULAR PURPOSE.

Ubuntu clang version 18.1.3 (1ubuntu1)
Target: x86_64-pc-linux-gnu
Thread model: posix
InstalledDir: /usr/bin
Ubuntu clang-format version 18.1.3 (1ubuntu1)
cmake version 3.28.3

CMake suite maintained and supported by Kitware (kitware.com/cmake).
Python 3.12.3
8
Filesystem      Size  Used Avail Use% Mounted on
/dev/sdd        251G  9.2G  229G   4% /
Collecting numpy==2.5.3 (from -r requirements.txt (line 1))
  Using cached numpy-2.5.3-cp312-cp312-manylinux_2_27_x86_64.manylinux_2_28_x86_64.whl.metadata (6.6 kB)
Collecting pyarrow==25.0.1 (from -r requirements.txt (line 2))
  Using cached pyarrow-25.0.1-cp312-cp312-manylinux_2_28_x86_64.whl.metadata (3.0 kB)
Using cached numpy-2.5.3-cp312-cp312-manylinux_2_27_x86_64.manylinux_2_28_x86_64.whl (16.7 MB)
Using cached pyarrow-25.0.1-cp312-cp312-manylinux_2_28_x86_64.whl (50.1 MB)
Installing collected packages: pyarrow, numpy
Successfully installed numpy-2.5.3 pyarrow-25.0.1
-- The CXX compiler identification is GNU 13.3.0
-- Detecting CXX compiler ABI info
-- Detecting CXX compiler ABI info - done
-- Check for working CXX compiler: /usr/bin/c++ - skipped
-- Detecting CXX compile features
-- Detecting CXX compile features - done
-- Configuring done (6.5s)
-- Generating done (0.0s)
-- Build files have been written to: /root/helix-h6-baseline-20260911/build/native
[ 16%] Building CXX object CMakeFiles/helix_kernel.dir/src/kernel.cpp.o
[ 33%] Linking CXX static library libhelix_kernel.a
[ 33%] Built target helix_kernel
[ 66%] Building CXX object CMakeFiles/kernel_driver.dir/tools/kernel_driver.cpp.o
[ 66%] Building CXX object CMakeFiles/kernel_tests.dir/tests/kernel_tests.cpp.o
[ 83%] Linking CXX executable kernel_driver
[100%] Linking CXX executable kernel_tests
[100%] Built target kernel_driver
[100%] Built target kernel_tests
Internal ctest changing into directory: /root/helix-h6-baseline-20260911/build/native
Test project /root/helix-h6-baseline-20260911/build/native
    Start 1: kernel_contract
1/1 Test #1: kernel_contract ..................   Passed    0.00 sec

100% tests passed, 0 tests failed out of 1

Total Test time (real) =   0.00 sec
{"schema_version": 1, "file": "signals.f64le", "rows": 256, "samples": 256, "baseline_samples": 32, "dtype": "float64-le", "seed": 20260909, "sha256": "2b410ac8c6763b8b3bee2b1d67bacfc587c732e03d6a67412cbb5709534a8858", "generator": "PCG64", "python_version": "3.12.3", "numpy_version": "2.5.3", "signal": {"baseline_range": [-10, 10], "amplitude_range": [10, 100], "noise_sigma": 0.2, "pulse_width": 8.0, "pulse_zero_before": 32, "analytical_rows": 2}}
{"status": "PASS", "independent_cases": 533, "atol": 1e-10, "rtol": 1e-10}
-- The CXX compiler identification is Clang 18.1.3
-- Detecting CXX compiler ABI info
-- Detecting CXX compiler ABI info - done
-- Check for working CXX compiler: /usr/bin/clang++ - skipped
-- Detecting CXX compile features
-- Detecting CXX compile features - done
-- Configuring done (14.2s)
-- Generating done (0.0s)
-- Build files have been written to: /root/helix-h6-baseline-20260911/build/sanitized
[ 16%] Building CXX object CMakeFiles/helix_kernel.dir/src/kernel.cpp.o
[ 33%] Linking CXX static library libhelix_kernel.a
[ 33%] Built target helix_kernel
[ 50%] Building CXX object CMakeFiles/kernel_tests.dir/tests/kernel_tests.cpp.o
[ 66%] Building CXX object CMakeFiles/kernel_driver.dir/tools/kernel_driver.cpp.o
[ 83%] Linking CXX executable kernel_driver
[100%] Linking CXX executable kernel_tests
[100%] Built target kernel_driver
[100%] Built target kernel_tests
Internal ctest changing into directory: /root/helix-h6-baseline-20260911/build/sanitized
Test project /root/helix-h6-baseline-20260911/build/sanitized
    Start 1: kernel_contract
1/1 Test #1: kernel_contract ..................   Passed    0.01 sec

100% tests passed, 0 tests failed out of 1

Total Test time (real) =   0.01 sec
{"status": "PASS", "independent_cases": 533, "atol": 1e-10, "rtol": 1e-10}
   Compiling proc-macro2 v1.0.107
   Compiling quote v1.0.47
   Compiling unicode-ident v1.0.24
   Compiling autocfg v1.5.1
   Compiling libm v0.2.16
   Compiling num-traits v0.2.19
   Compiling find-msvc-tools v0.1.12
   Compiling shlex v2.0.1
   Compiling version_check v0.9.5
   Compiling cc v1.4.5
   Compiling libc v0.2.189
   Compiling syn v3.0.5
    Checking cfg-if v1.0.4
   Compiling generic-array v0.14.7
   Compiling equivalent v1.0.2
   Compiling hashbrown v0.17.1
   Compiling indexmap v2.14.2
   Compiling link-cplusplus v1.0.12
    Checking num-integer v0.1.47
   Compiling syn v2.0.119
   Compiling scratch v1.0.9
   Compiling zerocopy v0.8.57
    Checking typenum v1.20.1
   Compiling cxxbridge-flags v1.0.200
   Compiling unicode-width v0.2.2
   Compiling serde_core v1.0.229
    Checking utf8parse v0.2.2
   Compiling getrandom v0.3.4
   Compiling zerocopy-derive v0.8.57
   Compiling termcolor v1.4.1
   Compiling codespan-reporting v0.13.1
    Checking anstyle-parse v1.0.0
   Compiling cxx v1.0.200
   Compiling ahash v0.8.12
    Checking is_terminal_polyfill v1.70.2
    Checking byteorder v1.5.0
    Checking anstyle-query v1.1.5
    Checking colorchoice v1.0.5
    Checking once_cell v1.21.4
   Compiling paste v1.0.15
   Compiling crossbeam-utils v0.8.23
    Checking anstyle v1.0.14
   Compiling zmij v1.0.23
    Checking anstream v1.0.0
   Compiling cxx-build v1.0.200
    Checking block-buffer v0.10.4
    Checking crypto-common v0.1.7
    Checking num-iter v0.1.46
    Checking num-rational v0.4.2
    Checking errno v0.3.14
   Compiling cmake v0.1.58
    Checking num-complex v0.4.6
    Checking ordered-float v2.10.1
    Checking integer-encoding v3.0.4
   Compiling heck v0.5.0
    Checking strsim v0.11.1
   Compiling serde_json v1.0.151
    Checking iana-time-zone v0.1.65
    Checking clap_lex v1.1.0
   Compiling signal-hook v0.3.18
   Compiling serde v1.0.229
    Checking clap_builder v4.6.6
    Checking chrono v0.4.45
   Compiling clap_derive v4.6.4
    Checking thrift v0.17.0
    Checking num v0.4.3
   Compiling helix v0.1.0 (/root/helix-h6-baseline-20260911)
    Checking signal-hook-registry v1.4.8
    Checking digest v0.10.7
    Checking half v2.7.1
   Compiling cxxbridge-macro v1.0.200
   Compiling serde_derive v1.0.229
    Checking num-bigint v0.4.8
    Checking cpufeatures v0.2.17
    Checking hashbrown v0.16.1
   Compiling seq-macro v0.3.6
   Compiling rustix v1.1.4
    Checking foldhash v0.2.0
    Checking bytes v1.12.1
    Checking twox-hash v2.1.4
   Compiling getrandom v0.4.3
    Checking memchr v2.8.3
    Checking itoa v1.0.18
    Checking parquet v56.2.1
    Checking sha2 v0.10.9
    Checking crossbeam-channel v0.5.17
    Checking clap v4.6.6
    Checking hdrhistogram v7.6.0
    Checking bitflags v2.13.2
    Checking linux-raw-sys v0.12.1
    Checking fastrand v2.5.0
    Checking tempfile v3.27.0
    Finished `dev` profile [unoptimized + debuginfo] target(s) in 48.14s
   Compiling libm v0.2.16
   Compiling libc v0.2.189
   Compiling num-traits v0.2.19
   Compiling cfg-if v1.0.4
   Compiling typenum v1.20.1
   Compiling num-integer v0.1.47
   Compiling utf8parse v0.2.2
   Compiling anstyle-parse v1.0.0
   Compiling zerocopy v0.8.57
   Compiling generic-array v0.14.7
   Compiling byteorder v1.5.0
   Compiling once_cell v1.21.4
   Compiling is_terminal_polyfill v1.70.2
   Compiling anstyle v1.0.14
   Compiling colorchoice v1.0.5
   Compiling anstyle-query v1.1.5
   Compiling anstream v1.0.0
   Compiling crypto-common v0.1.7
   Compiling block-buffer v0.10.4
   Compiling getrandom v0.3.4
   Compiling serde_core v1.0.229
   Compiling num-rational v0.4.2
   Compiling num-iter v0.1.46
   Compiling num-complex v0.4.6
   Compiling ordered-float v2.10.1
   Compiling errno v0.3.14
   Compiling integer-encoding v3.0.4
   Compiling clap_lex v1.1.0
   Compiling iana-time-zone v0.1.65
   Compiling strsim v0.11.1
   Compiling chrono v0.4.45
   Compiling clap_builder v4.6.6
   Compiling thrift v0.17.0
   Compiling signal-hook-registry v1.4.8
   Compiling helix v0.1.0 (/root/helix-h6-baseline-20260911)
   Compiling num v0.4.3
   Compiling half v2.7.1
   Compiling ahash v0.8.12
   Compiling digest v0.10.7
   Compiling zmij v1.0.23
   Compiling crossbeam-utils v0.8.23
   Compiling link-cplusplus v1.0.12
   Compiling num-bigint v0.4.8
   Compiling itoa v1.0.18
   Compiling bytes v1.12.1
   Compiling twox-hash v2.1.4
   Compiling hashbrown v0.16.1
   Compiling cpufeatures v0.2.17
   Compiling memchr v2.8.3
   Compiling foldhash v0.2.0
   Compiling cxx v1.0.200
   Compiling serde_json v1.0.151
   Compiling sha2 v0.10.9
   Compiling parquet v56.2.1
   Compiling serde v1.0.229
   Compiling crossbeam-channel v0.5.17
   Compiling signal-hook v0.3.18
   Compiling clap v4.6.6
   Compiling hdrhistogram v7.6.0
   Compiling bitflags v2.13.2
   Compiling linux-raw-sys v0.12.1
   Compiling rustix v1.1.4
   Compiling getrandom v0.4.3
   Compiling fastrand v2.5.0
   Compiling tempfile v3.27.0
    Finished `test` profile [unoptimized + debuginfo] target(s) in 38.91s
     Running unittests src/lib.rs (target/debug/deps/helix-dbf3e36307a75e7f)

running 17 tests
test config::tests::memory_preflight_includes_worker_histograms_and_checked_arithmetic ... ok
test control::tests::dropping_registration_removes_its_callback ... ok
test output::tests::output_open_failure_preserves_existing_file ... ok
test metrics::tests::empty_and_overflow_have_explicit_coverage ... ok
test metrics::tests::merging_preserves_counts_overflow_and_actual_batches ... ok
test processing::tests::latency_uses_admission_clock_and_batch_results_share_completion ... ok
test output::tests::real_parquet_writer_propagates_group_and_footer_errors ... ok
test runtime::tests::footer_failure_never_counts_buffered_rows_as_written ... ok
test output::tests::rename_failure_preserves_incomplete_state ... ok
test concurrent::tests::fatal_stop_reaches_other_workers_without_losing_ids ... ok
test runtime::tests::interrupt_during_footer_finalization_keeps_valid_partial_output ... ok
test concurrent::tests::drop_new_full_queue_attempts_once_and_partitions_ids ... ok
test runtime::tests::write_failure_drains_admitted_batch_without_fabricating_attempts ... ok
test runtime::tests::summary_failure_keeps_valid_rows_and_marks_output_partial ... ok
test concurrent::tests::worker_panic_preserves_delivered_results_and_aborts_owned_and_queued_ids ... ok
test concurrent::tests::slow_collector_pending_admission_interrupt_and_writer_error_drain ... ok
test runtime::tests::writer_delay_is_in_duration_but_not_successful_event_latency ... ok

test result: ok. 17 passed; 0 failed; 0 ignored; 0 measured; 0 filtered out; finished in 0.07s

     Running unittests src/main.rs (target/debug/deps/helix-c814b32029a1d3dc)

running 0 tests

test result: ok. 0 passed; 0 failed; 0 ignored; 0 measured; 0 filtered out; finished in 0.00s

     Running tests/numerical.rs (target/debug/deps/numerical-c480fd555639e2dd)

running 7 tests
test batch_nonfinite_result_is_isolated_and_matches_event ... ok
test fixture_matches_independent_numpy_reference_and_batch ... ok
test empty_partial_single_and_maximum_batches ... ok
test invalid_events_are_isolated ... ok
test structural_errors_preserve_every_output_field ... ok
test concurrent_process_event_calls_are_deterministic_and_isolated ... ok
test concurrent_calls_have_disjoint_lifetimes_and_no_shared_state ... ok

test result: ok. 7 passed; 0 failed; 0 ignored; 0 measured; 0 filtered out; finished in 0.01s

   Doc-tests helix

running 0 tests

test result: ok. 0 passed; 0 failed; 0 ignored; 0 measured; 0 filtered out; finished in 0.00s

   Compiling once_cell v1.21.4
   Compiling ahash v0.8.12
   Compiling parquet v56.2.1
   Compiling helix v0.1.0 (/root/helix-h6-baseline-20260911)
    Finished `dev` profile [unoptimized + debuginfo] target(s) in 12.06s
{"status": "PASS", "pipeline_cases": 42, "readback_events_per_ffi_mode": 4101, "artifact_directory": "/root/helix-h6-baseline-20260911/artifacts/h2-296gxzs_", "atol": 1e-10, "rtol": 1e-10}
{"status": "PASS", "concurrent_cases": 12, "case_count": 24, "artifact_directory": "/root/helix-h6-baseline-20260911/artifacts/h3-3q3a6egt", "worker_counts": [1, 2, 4], "atol": 1e-10, "rtol": 1e-10}
{"status": "PASS", "failure_cases": 7, "artifact_directory": "/root/helix-h6-baseline-20260911/artifacts/h4-4sjidosu", "atol": 1e-10, "rtol": 1e-10}
........
----------------------------------------------------------------------
Ran 8 tests in 0.178s

OK
run-0000/200 validated (warmup)
run-0025/200 validated (warmup)
run-0050/200 validated (warmup)
run-0075/200 validated (warmup)
run-0100/200 validated (measured)
run-0125/200 validated (measured)
run-0150/200 validated (measured)
run-0175/200 validated (measured)
{"status": "completed", "smoke": true, "runs": 200, "artifacts": "/root/helix-h6-baseline-20260911/artifacts/h5-smoke-gDFyWx/campaign"}
H5 automated checks PASS; independent review still required
